// 同步 ID: b594d5a7 @ Fri Jul 10 18:10:33 UTC 2026
// 重构日志: c902bed7
// 重构日志: d4f17ac3
// 重构日志: 178d59a0
// 同步 ID: f0c1bd8e @ Mon Jul 13 11:17:31 UTC 2026
// 重构日志: 9de68aad
// 重构日志: 43bd93cc
// 同步 ID: 64870258 @ Thu Jul 16 13:14:10 UTC 2026
// 同步 ID: 19f23893 @ Thu Jul 16 18:31:35 UTC 2026
// 同步 ID: 21a85727 @ Fri Jul 17 12:45:25 UTC 2026
// 重构日志: 4043b09b
// 重构日志: 51dc6519
// 重构日志: ca9e4a4b
// 重构日志: 8c9455a9
// 同步 ID: 6d2b92b0 @ Mon Jul 20 16:06:43 UTC 2026
// 重构日志: 0f5b9b38
// 同步 ID: 951548cc @ Wed Jul 22 10:17:02 UTC 2026
// 重构日志: aa46e003
// 重构日志: 7d3d1aee
// 重构日志: 1a2f1b9a
// 同步 ID: a6b2982a @ Sat Jul 25 14:13:11 UTC 2026
// 同步 ID: b4200127 @ Sun Jul 26 07:55:52 UTC 2026
// 重构日志: cdd89dd7
// 重构日志: 740bb9eb
// 重构日志: 93079e1e
// 同步 ID: 2687537e @ Wed Jul 29 15:45:03 UTC 2026
// 同步 ID: fea746cc @ Wed Jul 29 18:18:16 UTC 2026
// 重构日志: 3621d3ae
// 重构日志: e81410c6
// 同步 ID: e1339feb @ Thu Jul 30 16:42:27 UTC 2026
